Archive member included because of file (symbol)

e:/courses/embeeded system iti/iti training programms/atmel studio/extensions/atmel/avrgcc/3.4.1.95/avrtoolchain/bin/../lib/gcc/avr/4.6.2/../../../../avr/lib/avr5\libm.a(fixunssfsi.o)
                              App/Temperature Sensor.o (__fixunssfsi)
e:/courses/embeeded system iti/iti training programms/atmel studio/extensions/atmel/avrgcc/3.4.1.95/avrtoolchain/bin/../lib/gcc/avr/4.6.2/../../../../avr/lib/avr5\libm.a(floatsisf.o)
                              App/Temperature Sensor.o (__floatunsisf)
e:/courses/embeeded system iti/iti training programms/atmel studio/extensions/atmel/avrgcc/3.4.1.95/avrtoolchain/bin/../lib/gcc/avr/4.6.2/../../../../avr/lib/avr5\libm.a(fp_split3.o)
                              e:/courses/embeeded system iti/iti training programms/atmel studio/extensions/atmel/avrgcc/3.4.1.95/avrtoolchain/bin/../lib/gcc/avr/4.6.2/../../../../avr/lib/avr5\libm.a(fixunssfsi.o) (__fp_splitA)
e:/courses/embeeded system iti/iti training programms/atmel studio/extensions/atmel/avrgcc/3.4.1.95/avrtoolchain/bin/../lib/gcc/avr/4.6.2/../../../../avr/lib/avr5\libm.a(fp_zero.o)
                              e:/courses/embeeded system iti/iti training programms/atmel studio/extensions/atmel/avrgcc/3.4.1.95/avrtoolchain/bin/../lib/gcc/avr/4.6.2/../../../../avr/lib/avr5\libm.a(fixunssfsi.o) (__fp_zero)
e:/courses/embeeded system iti/iti training programms/atmel studio/extensions/atmel/avrgcc/3.4.1.95/avrtoolchain/bin/../lib/gcc/avr/4.6.2/../../../../avr/lib/avr5\libm.a(mulsf3.o)
                              App/Temperature Sensor.o (__mulsf3)
e:/courses/embeeded system iti/iti training programms/atmel studio/extensions/atmel/avrgcc/3.4.1.95/avrtoolchain/bin/../lib/gcc/avr/4.6.2/../../../../avr/lib/avr5\libm.a(mulsf3x.o)
                              e:/courses/embeeded system iti/iti training programms/atmel studio/extensions/atmel/avrgcc/3.4.1.95/avrtoolchain/bin/../lib/gcc/avr/4.6.2/../../../../avr/lib/avr5\libm.a(mulsf3.o) (__mulsf3x)
e:/courses/embeeded system iti/iti training programms/atmel studio/extensions/atmel/avrgcc/3.4.1.95/avrtoolchain/bin/../lib/gcc/avr/4.6.2/../../../../avr/lib/avr5\libm.a(fp_inf.o)
                              e:/courses/embeeded system iti/iti training programms/atmel studio/extensions/atmel/avrgcc/3.4.1.95/avrtoolchain/bin/../lib/gcc/avr/4.6.2/../../../../avr/lib/avr5\libm.a(mulsf3x.o) (__fp_inf)
e:/courses/embeeded system iti/iti training programms/atmel studio/extensions/atmel/avrgcc/3.4.1.95/avrtoolchain/bin/../lib/gcc/avr/4.6.2/../../../../avr/lib/avr5\libm.a(fp_nan.o)
                              e:/courses/embeeded system iti/iti training programms/atmel studio/extensions/atmel/avrgcc/3.4.1.95/avrtoolchain/bin/../lib/gcc/avr/4.6.2/../../../../avr/lib/avr5\libm.a(mulsf3x.o) (__fp_nan)
e:/courses/embeeded system iti/iti training programms/atmel studio/extensions/atmel/avrgcc/3.4.1.95/avrtoolchain/bin/../lib/gcc/avr/4.6.2/../../../../avr/lib/avr5\libm.a(fp_pscA.o)
                              e:/courses/embeeded system iti/iti training programms/atmel studio/extensions/atmel/avrgcc/3.4.1.95/avrtoolchain/bin/../lib/gcc/avr/4.6.2/../../../../avr/lib/avr5\libm.a(mulsf3x.o) (__fp_pscA)
e:/courses/embeeded system iti/iti training programms/atmel studio/extensions/atmel/avrgcc/3.4.1.95/avrtoolchain/bin/../lib/gcc/avr/4.6.2/../../../../avr/lib/avr5\libm.a(fp_pscB.o)
                              e:/courses/embeeded system iti/iti training programms/atmel studio/extensions/atmel/avrgcc/3.4.1.95/avrtoolchain/bin/../lib/gcc/avr/4.6.2/../../../../avr/lib/avr5\libm.a(mulsf3x.o) (__fp_pscB)
e:/courses/embeeded system iti/iti training programms/atmel studio/extensions/atmel/avrgcc/3.4.1.95/avrtoolchain/bin/../lib/gcc/avr/4.6.2/../../../../avr/lib/avr5\libm.a(fp_round.o)
                              e:/courses/embeeded system iti/iti training programms/atmel studio/extensions/atmel/avrgcc/3.4.1.95/avrtoolchain/bin/../lib/gcc/avr/4.6.2/../../../../avr/lib/avr5\libm.a(mulsf3.o) (__fp_round)
e:/courses/embeeded system iti/iti training programms/atmel studio/extensions/atmel/avrgcc/3.4.1.95/avrtoolchain/bin/../lib/gcc/avr/4.6.2/avr5\libgcc.a(_udivmodhi4.o)
                              App/Temperature Sensor.o (__udivmodhi4)
e:/courses/embeeded system iti/iti training programms/atmel studio/extensions/atmel/avrgcc/3.4.1.95/avrtoolchain/bin/../lib/gcc/avr/4.6.2/avr5\libgcc.a(_udivmodsi4.o)
                              HAL/LCD/LCD_prg.o (__udivmodsi4)
e:/courses/embeeded system iti/iti training programms/atmel studio/extensions/atmel/avrgcc/3.4.1.95/avrtoolchain/bin/../lib/gcc/avr/4.6.2/avr5\libgcc.a(_exit.o)
                              e:/courses/embeeded system iti/iti training programms/atmel studio/extensions/atmel/avrgcc/3.4.1.95/avrtoolchain/bin/../lib/gcc/avr/4.6.2/../../../../avr/lib/avr5/crtm32.o (exit)
e:/courses/embeeded system iti/iti training programms/atmel studio/extensions/atmel/avrgcc/3.4.1.95/avrtoolchain/bin/../lib/gcc/avr/4.6.2/avr5\libgcc.a(_copy_data.o)
                              App/Temperature Sensor.o (__do_copy_data)
e:/courses/embeeded system iti/iti training programms/atmel studio/extensions/atmel/avrgcc/3.4.1.95/avrtoolchain/bin/../lib/gcc/avr/4.6.2/avr5\libgcc.a(_clear_bss.o)
                              App/Temperature Sensor.o (__do_clear_bss)

Allocating common symbols
Common symbol       size              file

ADC_pfun            0x2               MCAL/ADC/ADC_prg.o

Memory Configuration

Name             Origin             Length             Attributes
text             0x00000000         0x00020000         xr
data             0x00800060         0x0000ffa0         rw !x
eeprom           0x00810000         0x00010000         rw !x
fuse             0x00820000         0x00000400         rw !x
lock             0x00830000         0x00000400         rw !x
signature        0x00840000         0x00000400         rw !x
*default*        0x00000000         0xffffffff

Linker script and memory map

LOAD e:/courses/embeeded system iti/iti training programms/atmel studio/extensions/atmel/avrgcc/3.4.1.95/avrtoolchain/bin/../lib/gcc/avr/4.6.2/../../../../avr/lib/avr5/crtm32.o
LOAD App/Temperature Sensor.o
LOAD HAL/LCD/LCD_prg.o
LOAD HAL/PORT/PORT_prg.o
LOAD MCAL/ADC/ADC_prg.o
LOAD MCAL/DIO/DIO_prg.o
LOAD MCAL/Global_Interrupt/Global_Interrupt_prg.o
START GROUP
LOAD e:/courses/embeeded system iti/iti training programms/atmel studio/extensions/atmel/avrgcc/3.4.1.95/avrtoolchain/bin/../lib/gcc/avr/4.6.2/../../../../avr/lib/avr5\libm.a
END GROUP
LOAD e:/courses/embeeded system iti/iti training programms/atmel studio/extensions/atmel/avrgcc/3.4.1.95/avrtoolchain/bin/../lib/gcc/avr/4.6.2/avr5\libgcc.a
LOAD e:/courses/embeeded system iti/iti training programms/atmel studio/extensions/atmel/avrgcc/3.4.1.95/avrtoolchain/bin/../lib/gcc/avr/4.6.2/../../../../avr/lib/avr5\libc.a
LOAD e:/courses/embeeded system iti/iti training programms/atmel studio/extensions/atmel/avrgcc/3.4.1.95/avrtoolchain/bin/../lib/gcc/avr/4.6.2/avr5\libgcc.a

.hash
 *(.hash)

.dynsym
 *(.dynsym)

.dynstr
 *(.dynstr)

.gnu.version
 *(.gnu.version)

.gnu.version_d
 *(.gnu.version_d)

.gnu.version_r
 *(.gnu.version_r)

.rel.init
 *(.rel.init)

.rela.init
 *(.rela.init)

.rel.text
 *(.rel.text)
 *(.rel.text.*)
 *(.rel.gnu.linkonce.t*)

.rela.text
 *(.rela.text)
 *(.rela.text.*)
 *(.rela.gnu.linkonce.t*)

.rel.fini
 *(.rel.fini)

.rela.fini
 *(.rela.fini)

.rel.rodata
 *(.rel.rodata)
 *(.rel.rodata.*)
 *(.rel.gnu.linkonce.r*)

.rela.rodata
 *(.rela.rodata)
 *(.rela.rodata.*)
 *(.rela.gnu.linkonce.r*)

.rel.data
 *(.rel.data)
 *(.rel.data.*)
 *(.rel.gnu.linkonce.d*)

.rela.data
 *(.rela.data)
 *(.rela.data.*)
 *(.rela.gnu.linkonce.d*)

.rel.ctors
 *(.rel.ctors)

.rela.ctors
 *(.rela.ctors)

.rel.dtors
 *(.rel.dtors)

.rela.dtors
 *(.rela.dtors)

.rel.got
 *(.rel.got)

.rela.got
 *(.rela.got)

.rel.bss
 *(.rel.bss)

.rela.bss
 *(.rela.bss)

.rel.plt
 *(.rel.plt)

.rela.plt
 *(.rela.plt)

.text           0x00000000      0xd36
 *(.vectors)
 .vectors       0x00000000       0x54 e:/courses/embeeded system iti/iti training programms/atmel studio/extensions/atmel/avrgcc/3.4.1.95/avrtoolchain/bin/../lib/gcc/avr/4.6.2/../../../../avr/lib/avr5/crtm32.o
                0x00000000                __vector_default
                0x00000000                __vectors
 *(.vectors)
 *(.progmem.gcc*)
 *(.progmem*)
                0x00000054                . = ALIGN (0x2)
                0x00000054                __trampolines_start = .
 *(.trampolines)
 .trampolines   0x00000054        0x0 linker stubs
 *(.trampolines*)
                0x00000054                __trampolines_end = .
 *(.jumptables)
 *(.jumptables*)
 *(.lowtext)
 *(.lowtext*)
                0x00000054                __ctors_start = .
 *(.ctors)
                0x00000054                __ctors_end = .
                0x00000054                __dtors_start = .
 *(.dtors)
                0x00000054                __dtors_end = .
 SORT(*)(.ctors)
 SORT(*)(.dtors)
 *(.init0)
 .init0         0x00000054        0x0 e:/courses/embeeded system iti/iti training programms/atmel studio/extensions/atmel/avrgcc/3.4.1.95/avrtoolchain/bin/../lib/gcc/avr/4.6.2/../../../../avr/lib/avr5/crtm32.o
                0x00000054                __init
 *(.init0)
 *(.init1)
 *(.init1)
 *(.init2)
 .init2         0x00000054        0xc e:/courses/embeeded system iti/iti training programms/atmel studio/extensions/atmel/avrgcc/3.4.1.95/avrtoolchain/bin/../lib/gcc/avr/4.6.2/../../../../avr/lib/avr5/crtm32.o
 *(.init2)
 *(.init3)
 *(.init3)
 *(.init4)
 .init4         0x00000060       0x16 e:/courses/embeeded system iti/iti training programms/atmel studio/extensions/atmel/avrgcc/3.4.1.95/avrtoolchain/bin/../lib/gcc/avr/4.6.2/avr5\libgcc.a(_copy_data.o)
                0x00000060                __do_copy_data
 .init4         0x00000076       0x10 e:/courses/embeeded system iti/iti training programms/atmel studio/extensions/atmel/avrgcc/3.4.1.95/avrtoolchain/bin/../lib/gcc/avr/4.6.2/avr5\libgcc.a(_clear_bss.o)
                0x00000076                __do_clear_bss
 *(.init4)
 *(.init5)
 *(.init5)
 *(.init6)
 *(.init6)
 *(.init7)
 *(.init7)
 *(.init8)
 *(.init8)
 *(.init9)
 .init9         0x00000086        0x8 e:/courses/embeeded system iti/iti training programms/atmel studio/extensions/atmel/avrgcc/3.4.1.95/avrtoolchain/bin/../lib/gcc/avr/4.6.2/../../../../avr/lib/avr5/crtm32.o
 *(.init9)
 *(.text)
 .text          0x0000008e        0x4 e:/courses/embeeded system iti/iti training programms/atmel studio/extensions/atmel/avrgcc/3.4.1.95/avrtoolchain/bin/../lib/gcc/avr/4.6.2/../../../../avr/lib/avr5/crtm32.o
                0x0000008e                __vector_1
                0x0000008e                __vector_12
                0x0000008e                __bad_interrupt
                0x0000008e                __vector_6
                0x0000008e                __vector_3
                0x0000008e                __vector_11
                0x0000008e                __vector_13
                0x0000008e                __vector_17
                0x0000008e                __vector_19
                0x0000008e                __vector_7
                0x0000008e                __vector_5
                0x0000008e                __vector_4
                0x0000008e                __vector_9
                0x0000008e                __vector_2
                0x0000008e                __vector_15
                0x0000008e                __vector_8
                0x0000008e                __vector_14
                0x0000008e                __vector_10
                0x0000008e                __vector_18
                0x0000008e                __vector_20
 .text          0x00000092       0xa4 App/Temperature Sensor.o
                0x00000092                function
                0x00000100                main
 .text          0x00000136      0x4e4 HAL/LCD/LCD_prg.o
                0x00000158                LCD_enuSendCharacter
                0x0000021e                LCD_enuSendInstruction
                0x000002e6                LCD_VidInit
                0x00000342                LCD_enuGoTo
                0x00000378                LCD_enuSendString
                0x000003a2                LCD_enuSendCustomCharacter
                0x0000042a                LCD_enuSendNumber
                0x000004e8                LCD_vidPrintMyName
 .text          0x0000061a        0x6 HAL/PORT/PORT_prg.o
                0x0000061a                PORT_vidInit
 .text          0x00000620      0x10a MCAL/ADC/ADC_prg.o
                0x00000620                ADC_enuEnable
                0x00000656                ADC_enuStartConvertion
                0x0000067c                ADC_enuDisable
                0x00000682                ADC_enuGetValue
                0x000006a6                ADC_enuStartConvertion_Asynchronous
                0x000006aa                ADC_enuGetValue_Asynch
                0x000006be                __vector_16
 .text          0x0000072a      0x356 MCAL/DIO/DIO_prg.o
                0x0000072a                DIO_vidInit
                0x00000744                DIO_enuSetPinValue
                0x00000870                DIO_enuGetPinValue
                0x00000918                DIO_enuSetPortValue
                0x0000094e                DIO_enuGetPortValue
                0x0000099e                DIO_enuTogglePort
                0x000009e4                DIO_enuTogglePin
 .text          0x00000a80        0xc MCAL/Global_Interrupt/Global_Interrupt_prg.o
                0x00000a80                INT_vidEnableGlobalINT
                0x00000a88                INT_vidDisableGlobalINT
 .text          0x00000a8c        0x0 e:/courses/embeeded system iti/iti training programms/atmel studio/extensions/atmel/avrgcc/3.4.1.95/avrtoolchain/bin/../lib/gcc/avr/4.6.2/../../../../avr/lib/avr5\libm.a(fixunssfsi.o)
 .text          0x00000a8c        0x0 e:/courses/embeeded system iti/iti training programms/atmel studio/extensions/atmel/avrgcc/3.4.1.95/avrtoolchain/bin/../lib/gcc/avr/4.6.2/../../../../avr/lib/avr5\libm.a(floatsisf.o)
 .text          0x00000a8c        0x0 e:/courses/embeeded system iti/iti training programms/atmel studio/extensions/atmel/avrgcc/3.4.1.95/avrtoolchain/bin/../lib/gcc/avr/4.6.2/../../../../avr/lib/avr5\libm.a(fp_split3.o)
 .text          0x00000a8c        0x0 e:/courses/embeeded system iti/iti training programms/atmel studio/extensions/atmel/avrgcc/3.4.1.95/avrtoolchain/bin/../lib/gcc/avr/4.6.2/../../../../avr/lib/avr5\libm.a(fp_zero.o)
 .text          0x00000a8c        0x0 e:/courses/embeeded system iti/iti training programms/atmel studio/extensions/atmel/avrgcc/3.4.1.95/avrtoolchain/bin/../lib/gcc/avr/4.6.2/../../../../avr/lib/avr5\libm.a(mulsf3.o)
 .text          0x00000a8c        0x0 e:/courses/embeeded system iti/iti training programms/atmel studio/extensions/atmel/avrgcc/3.4.1.95/avrtoolchain/bin/../lib/gcc/avr/4.6.2/../../../../avr/lib/avr5\libm.a(mulsf3x.o)
 .text          0x00000a8c        0x0 e:/courses/embeeded system iti/iti training programms/atmel studio/extensions/atmel/avrgcc/3.4.1.95/avrtoolchain/bin/../lib/gcc/avr/4.6.2/../../../../avr/lib/avr5\libm.a(fp_inf.o)
 .text          0x00000a8c        0x0 e:/courses/embeeded system iti/iti training programms/atmel studio/extensions/atmel/avrgcc/3.4.1.95/avrtoolchain/bin/../lib/gcc/avr/4.6.2/../../../../avr/lib/avr5\libm.a(fp_nan.o)
 .text          0x00000a8c        0x0 e:/courses/embeeded system iti/iti training programms/atmel studio/extensions/atmel/avrgcc/3.4.1.95/avrtoolchain/bin/../lib/gcc/avr/4.6.2/../../../../avr/lib/avr5\libm.a(fp_pscA.o)
 .text          0x00000a8c        0x0 e:/courses/embeeded system iti/iti training programms/atmel studio/extensions/atmel/avrgcc/3.4.1.95/avrtoolchain/bin/../lib/gcc/avr/4.6.2/../../../../avr/lib/avr5\libm.a(fp_pscB.o)
 .text          0x00000a8c        0x0 e:/courses/embeeded system iti/iti training programms/atmel studio/extensions/atmel/avrgcc/3.4.1.95/avrtoolchain/bin/../lib/gcc/avr/4.6.2/../../../../avr/lib/avr5\libm.a(fp_round.o)
 .text          0x00000a8c        0x0 e:/courses/embeeded system iti/iti training programms/atmel studio/extensions/atmel/avrgcc/3.4.1.95/avrtoolchain/bin/../lib/gcc/avr/4.6.2/avr5\libgcc.a(_udivmodhi4.o)
 .text          0x00000a8c        0x0 e:/courses/embeeded system iti/iti training programms/atmel studio/extensions/atmel/avrgcc/3.4.1.95/avrtoolchain/bin/../lib/gcc/avr/4.6.2/avr5\libgcc.a(_udivmodsi4.o)
 .text          0x00000a8c        0x0 e:/courses/embeeded system iti/iti training programms/atmel studio/extensions/atmel/avrgcc/3.4.1.95/avrtoolchain/bin/../lib/gcc/avr/4.6.2/avr5\libgcc.a(_exit.o)
 .text          0x00000a8c        0x0 e:/courses/embeeded system iti/iti training programms/atmel studio/extensions/atmel/avrgcc/3.4.1.95/avrtoolchain/bin/../lib/gcc/avr/4.6.2/avr5\libgcc.a(_copy_data.o)
 .text          0x00000a8c        0x0 e:/courses/embeeded system iti/iti training programms/atmel studio/extensions/atmel/avrgcc/3.4.1.95/avrtoolchain/bin/../lib/gcc/avr/4.6.2/avr5\libgcc.a(_clear_bss.o)
                0x00000a8c                . = ALIGN (0x2)
 *(.text.*)
 .text.avr-libc.fplib
                0x00000a8c       0x58 e:/courses/embeeded system iti/iti training programms/atmel studio/extensions/atmel/avrgcc/3.4.1.95/avrtoolchain/bin/../lib/gcc/avr/4.6.2/../../../../avr/lib/avr5\libm.a(fixunssfsi.o)
                0x00000a8c                __fixunssfsi
 .text.avr-libc.fplib
                0x00000ae4       0x7a e:/courses/embeeded system iti/iti training programms/atmel studio/extensions/atmel/avrgcc/3.4.1.95/avrtoolchain/bin/../lib/gcc/avr/4.6.2/../../../../avr/lib/avr5\libm.a(floatsisf.o)
                0x00000ae4                __floatunsisf
                0x00000ae8                __floatsisf
 .text.avr-libc.fplib
                0x00000b5e       0x44 e:/courses/embeeded system iti/iti training programms/atmel studio/extensions/atmel/avrgcc/3.4.1.95/avrtoolchain/bin/../lib/gcc/avr/4.6.2/../../../../avr/lib/avr5\libm.a(fp_split3.o)
                0x00000b5e                __fp_split3
                0x00000b6e                __fp_splitA
 .text.avr-libc.fplib
                0x00000ba2        0xe e:/courses/embeeded system iti/iti training programms/atmel studio/extensions/atmel/avrgcc/3.4.1.95/avrtoolchain/bin/../lib/gcc/avr/4.6.2/../../../../avr/lib/avr5\libm.a(fp_zero.o)
                0x00000ba2                __fp_zero
                0x00000ba4                __fp_szero
 .text.avr-libc.fplib
                0x00000bb0        0x4 e:/courses/embeeded system iti/iti training programms/atmel studio/extensions/atmel/avrgcc/3.4.1.95/avrtoolchain/bin/../lib/gcc/avr/4.6.2/../../../../avr/lib/avr5\libm.a(mulsf3.o)
                0x00000bb0                __mulsf3
 .text.avr-libc.fplib
                0x00000bb4       0xc2 e:/courses/embeeded system iti/iti training programms/atmel studio/extensions/atmel/avrgcc/3.4.1.95/avrtoolchain/bin/../lib/gcc/avr/4.6.2/../../../../avr/lib/avr5\libm.a(mulsf3x.o)
                0x00000bc8                __mulsf3x
                0x00000bcc                __mulsf3_pse
 .text.avr-libc.fplib
                0x00000c76        0xc e:/courses/embeeded system iti/iti training programms/atmel studio/extensions/atmel/avrgcc/3.4.1.95/avrtoolchain/bin/../lib/gcc/avr/4.6.2/../../../../avr/lib/avr5\libm.a(fp_inf.o)
                0x00000c76                __fp_inf
 .text.avr-libc.fplib
                0x00000c82        0x6 e:/courses/embeeded system iti/iti training programms/atmel studio/extensions/atmel/avrgcc/3.4.1.95/avrtoolchain/bin/../lib/gcc/avr/4.6.2/../../../../avr/lib/avr5\libm.a(fp_nan.o)
                0x00000c82                __fp_nan
 .text.avr-libc.fplib
                0x00000c88        0xe e:/courses/embeeded system iti/iti training programms/atmel studio/extensions/atmel/avrgcc/3.4.1.95/avrtoolchain/bin/../lib/gcc/avr/4.6.2/../../../../avr/lib/avr5\libm.a(fp_pscA.o)
                0x00000c88                __fp_pscA
 .text.avr-libc.fplib
                0x00000c96        0xe e:/courses/embeeded system iti/iti training programms/atmel studio/extensions/atmel/avrgcc/3.4.1.95/avrtoolchain/bin/../lib/gcc/avr/4.6.2/../../../../avr/lib/avr5\libm.a(fp_pscB.o)
                0x00000c96                __fp_pscB
 .text.avr-libc.fplib
                0x00000ca4       0x22 e:/courses/embeeded system iti/iti training programms/atmel studio/extensions/atmel/avrgcc/3.4.1.95/avrtoolchain/bin/../lib/gcc/avr/4.6.2/../../../../avr/lib/avr5\libm.a(fp_round.o)
                0x00000ca4                __fp_round
 .text.libgcc   0x00000cc6       0x28 e:/courses/embeeded system iti/iti training programms/atmel studio/extensions/atmel/avrgcc/3.4.1.95/avrtoolchain/bin/../lib/gcc/avr/4.6.2/avr5\libgcc.a(_udivmodhi4.o)
                0x00000cc6                __udivmodhi4
 .text.libgcc   0x00000cee       0x44 e:/courses/embeeded system iti/iti training programms/atmel studio/extensions/atmel/avrgcc/3.4.1.95/avrtoolchain/bin/../lib/gcc/avr/4.6.2/avr5\libgcc.a(_udivmodsi4.o)
                0x00000cee                __udivmodsi4
 .text.libgcc   0x00000d32        0x0 e:/courses/embeeded system iti/iti training programms/atmel studio/extensions/atmel/avrgcc/3.4.1.95/avrtoolchain/bin/../lib/gcc/avr/4.6.2/avr5\libgcc.a(_exit.o)
 .text.libgcc   0x00000d32        0x0 e:/courses/embeeded system iti/iti training programms/atmel studio/extensions/atmel/avrgcc/3.4.1.95/avrtoolchain/bin/../lib/gcc/avr/4.6.2/avr5\libgcc.a(_copy_data.o)
 .text.libgcc   0x00000d32        0x0 e:/courses/embeeded system iti/iti training programms/atmel studio/extensions/atmel/avrgcc/3.4.1.95/avrtoolchain/bin/../lib/gcc/avr/4.6.2/avr5\libgcc.a(_clear_bss.o)
                0x00000d32                . = ALIGN (0x2)
 *(.fini9)
 .fini9         0x00000d32        0x0 e:/courses/embeeded system iti/iti training programms/atmel studio/extensions/atmel/avrgcc/3.4.1.95/avrtoolchain/bin/../lib/gcc/avr/4.6.2/avr5\libgcc.a(_exit.o)
                0x00000d32                _exit
                0x00000d32                exit
 *(.fini9)
 *(.fini8)
 *(.fini8)
 *(.fini7)
 *(.fini7)
 *(.fini6)
 *(.fini6)
 *(.fini5)
 *(.fini5)
 *(.fini4)
 *(.fini4)
 *(.fini3)
 *(.fini3)
 *(.fini2)
 *(.fini2)
 *(.fini1)
 *(.fini1)
 *(.fini0)
 .fini0         0x00000d32        0x4 e:/courses/embeeded system iti/iti training programms/atmel studio/extensions/atmel/avrgcc/3.4.1.95/avrtoolchain/bin/../lib/gcc/avr/4.6.2/avr5\libgcc.a(_exit.o)
 *(.fini0)
                0x00000d36                _etext = .

.data           0x00800060        0xe load address 0x00000d36
                0x00800060                PROVIDE (__data_start, .)
 *(.data)
 .data          0x00800060        0x0 e:/courses/embeeded system iti/iti training programms/atmel studio/extensions/atmel/avrgcc/3.4.1.95/avrtoolchain/bin/../lib/gcc/avr/4.6.2/../../../../avr/lib/avr5/crtm32.o
 .data          0x00800060        0xe App/Temperature Sensor.o
 .data          0x0080006e        0x0 HAL/LCD/LCD_prg.o
 .data          0x0080006e        0x0 HAL/PORT/PORT_prg.o
 .data          0x0080006e        0x0 MCAL/ADC/ADC_prg.o
 .data          0x0080006e        0x0 MCAL/DIO/DIO_prg.o
 .data          0x0080006e        0x0 MCAL/Global_Interrupt/Global_Interrupt_prg.o
 .data          0x0080006e        0x0 e:/courses/embeeded system iti/iti training programms/atmel studio/extensions/atmel/avrgcc/3.4.1.95/avrtoolchain/bin/../lib/gcc/avr/4.6.2/../../../../avr/lib/avr5\libm.a(fixunssfsi.o)
 .data          0x0080006e        0x0 e:/courses/embeeded system iti/iti training programms/atmel studio/extensions/atmel/avrgcc/3.4.1.95/avrtoolchain/bin/../lib/gcc/avr/4.6.2/../../../../avr/lib/avr5\libm.a(floatsisf.o)
 .data          0x0080006e        0x0 e:/courses/embeeded system iti/iti training programms/atmel studio/extensions/atmel/avrgcc/3.4.1.95/avrtoolchain/bin/../lib/gcc/avr/4.6.2/../../../../avr/lib/avr5\libm.a(fp_split3.o)
 .data          0x0080006e        0x0 e:/courses/embeeded system iti/iti training programms/atmel studio/extensions/atmel/avrgcc/3.4.1.95/avrtoolchain/bin/../lib/gcc/avr/4.6.2/../../../../avr/lib/avr5\libm.a(fp_zero.o)
 .data          0x0080006e        0x0 e:/courses/embeeded system iti/iti training programms/atmel studio/extensions/atmel/avrgcc/3.4.1.95/avrtoolchain/bin/../lib/gcc/avr/4.6.2/../../../../avr/lib/avr5\libm.a(mulsf3.o)
 .data          0x0080006e        0x0 e:/courses/embeeded system iti/iti training programms/atmel studio/extensions/atmel/avrgcc/3.4.1.95/avrtoolchain/bin/../lib/gcc/avr/4.6.2/../../../../avr/lib/avr5\libm.a(mulsf3x.o)
 .data          0x0080006e        0x0 e:/courses/embeeded system iti/iti training programms/atmel studio/extensions/atmel/avrgcc/3.4.1.95/avrtoolchain/bin/../lib/gcc/avr/4.6.2/../../../../avr/lib/avr5\libm.a(fp_inf.o)
 .data          0x0080006e        0x0 e:/courses/embeeded system iti/iti training programms/atmel studio/extensions/atmel/avrgcc/3.4.1.95/avrtoolchain/bin/../lib/gcc/avr/4.6.2/../../../../avr/lib/avr5\libm.a(fp_nan.o)
 .data          0x0080006e        0x0 e:/courses/embeeded system iti/iti training programms/atmel studio/extensions/atmel/avrgcc/3.4.1.95/avrtoolchain/bin/../lib/gcc/avr/4.6.2/../../../../avr/lib/avr5\libm.a(fp_pscA.o)
 .data          0x0080006e        0x0 e:/courses/embeeded system iti/iti training programms/atmel studio/extensions/atmel/avrgcc/3.4.1.95/avrtoolchain/bin/../lib/gcc/avr/4.6.2/../../../../avr/lib/avr5\libm.a(fp_pscB.o)
 .data          0x0080006e        0x0 e:/courses/embeeded system iti/iti training programms/atmel studio/extensions/atmel/avrgcc/3.4.1.95/avrtoolchain/bin/../lib/gcc/avr/4.6.2/../../../../avr/lib/avr5\libm.a(fp_round.o)
 .data          0x0080006e        0x0 e:/courses/embeeded system iti/iti training programms/atmel studio/extensions/atmel/avrgcc/3.4.1.95/avrtoolchain/bin/../lib/gcc/avr/4.6.2/avr5\libgcc.a(_udivmodhi4.o)
 .data          0x0080006e        0x0 e:/courses/embeeded system iti/iti training programms/atmel studio/extensions/atmel/avrgcc/3.4.1.95/avrtoolchain/bin/../lib/gcc/avr/4.6.2/avr5\libgcc.a(_udivmodsi4.o)
 .data          0x0080006e        0x0 e:/courses/embeeded system iti/iti training programms/atmel studio/extensions/atmel/avrgcc/3.4.1.95/avrtoolchain/bin/../lib/gcc/avr/4.6.2/avr5\libgcc.a(_exit.o)
 .data          0x0080006e        0x0 e:/courses/embeeded system iti/iti training programms/atmel studio/extensions/atmel/avrgcc/3.4.1.95/avrtoolchain/bin/../lib/gcc/avr/4.6.2/avr5\libgcc.a(_copy_data.o)
 .data          0x0080006e        0x0 e:/courses/embeeded system iti/iti training programms/atmel studio/extensions/atmel/avrgcc/3.4.1.95/avrtoolchain/bin/../lib/gcc/avr/4.6.2/avr5\libgcc.a(_clear_bss.o)
 *(.data*)
 *(.rodata)
 *(.rodata*)
 *(.gnu.linkonce.d*)
                0x0080006e                . = ALIGN (0x2)
                0x0080006e                _edata = .
                0x0080006e                PROVIDE (__data_end, .)

.bss            0x0080006e        0x4
                0x0080006e                PROVIDE (__bss_start, .)
 *(.bss)
 .bss           0x0080006e        0x0 e:/courses/embeeded system iti/iti training programms/atmel studio/extensions/atmel/avrgcc/3.4.1.95/avrtoolchain/bin/../lib/gcc/avr/4.6.2/../../../../avr/lib/avr5/crtm32.o
 .bss           0x0080006e        0x0 App/Temperature Sensor.o
 .bss           0x0080006e        0x0 HAL/LCD/LCD_prg.o
 .bss           0x0080006e        0x0 HAL/PORT/PORT_prg.o
 .bss           0x0080006e        0x2 MCAL/ADC/ADC_prg.o
 .bss           0x00800070        0x0 MCAL/DIO/DIO_prg.o
 .bss           0x00800070        0x0 MCAL/Global_Interrupt/Global_Interrupt_prg.o
 .bss           0x00800070        0x0 e:/courses/embeeded system iti/iti training programms/atmel studio/extensions/atmel/avrgcc/3.4.1.95/avrtoolchain/bin/../lib/gcc/avr/4.6.2/../../../../avr/lib/avr5\libm.a(fixunssfsi.o)
 .bss           0x00800070        0x0 e:/courses/embeeded system iti/iti training programms/atmel studio/extensions/atmel/avrgcc/3.4.1.95/avrtoolchain/bin/../lib/gcc/avr/4.6.2/../../../../avr/lib/avr5\libm.a(floatsisf.o)
 .bss           0x00800070        0x0 e:/courses/embeeded system iti/iti training programms/atmel studio/extensions/atmel/avrgcc/3.4.1.95/avrtoolchain/bin/../lib/gcc/avr/4.6.2/../../../../avr/lib/avr5\libm.a(fp_split3.o)
 .bss           0x00800070        0x0 e:/courses/embeeded system iti/iti training programms/atmel studio/extensions/atmel/avrgcc/3.4.1.95/avrtoolchain/bin/../lib/gcc/avr/4.6.2/../../../../avr/lib/avr5\libm.a(fp_zero.o)
 .bss           0x00800070        0x0 e:/courses/embeeded system iti/iti training programms/atmel studio/extensions/atmel/avrgcc/3.4.1.95/avrtoolchain/bin/../lib/gcc/avr/4.6.2/../../../../avr/lib/avr5\libm.a(mulsf3.o)
 .bss           0x00800070        0x0 e:/courses/embeeded system iti/iti training programms/atmel studio/extensions/atmel/avrgcc/3.4.1.95/avrtoolchain/bin/../lib/gcc/avr/4.6.2/../../../../avr/lib/avr5\libm.a(mulsf3x.o)
 .bss           0x00800070        0x0 e:/courses/embeeded system iti/iti training programms/atmel studio/extensions/atmel/avrgcc/3.4.1.95/avrtoolchain/bin/../lib/gcc/avr/4.6.2/../../../../avr/lib/avr5\libm.a(fp_inf.o)
 .bss           0x00800070        0x0 e:/courses/embeeded system iti/iti training programms/atmel studio/extensions/atmel/avrgcc/3.4.1.95/avrtoolchain/bin/../lib/gcc/avr/4.6.2/../../../../avr/lib/avr5\libm.a(fp_nan.o)
 .bss           0x00800070        0x0 e:/courses/embeeded system iti/iti training programms/atmel studio/extensions/atmel/avrgcc/3.4.1.95/avrtoolchain/bin/../lib/gcc/avr/4.6.2/../../../../avr/lib/avr5\libm.a(fp_pscA.o)
 .bss           0x00800070        0x0 e:/courses/embeeded system iti/iti training programms/atmel studio/extensions/atmel/avrgcc/3.4.1.95/avrtoolchain/bin/../lib/gcc/avr/4.6.2/../../../../avr/lib/avr5\libm.a(fp_pscB.o)
 .bss           0x00800070        0x0 e:/courses/embeeded system iti/iti training programms/atmel studio/extensions/atmel/avrgcc/3.4.1.95/avrtoolchain/bin/../lib/gcc/avr/4.6.2/../../../../avr/lib/avr5\libm.a(fp_round.o)
 .bss           0x00800070        0x0 e:/courses/embeeded system iti/iti training programms/atmel studio/extensions/atmel/avrgcc/3.4.1.95/avrtoolchain/bin/../lib/gcc/avr/4.6.2/avr5\libgcc.a(_udivmodhi4.o)
 .bss           0x00800070        0x0 e:/courses/embeeded system iti/iti training programms/atmel studio/extensions/atmel/avrgcc/3.4.1.95/avrtoolchain/bin/../lib/gcc/avr/4.6.2/avr5\libgcc.a(_udivmodsi4.o)
 .bss           0x00800070        0x0 e:/courses/embeeded system iti/iti training programms/atmel studio/extensions/atmel/avrgcc/3.4.1.95/avrtoolchain/bin/../lib/gcc/avr/4.6.2/avr5\libgcc.a(_exit.o)
 .bss           0x00800070        0x0 e:/courses/embeeded system iti/iti training programms/atmel studio/extensions/atmel/avrgcc/3.4.1.95/avrtoolchain/bin/../lib/gcc/avr/4.6.2/avr5\libgcc.a(_copy_data.o)
 .bss           0x00800070        0x0 e:/courses/embeeded system iti/iti training programms/atmel studio/extensions/atmel/avrgcc/3.4.1.95/avrtoolchain/bin/../lib/gcc/avr/4.6.2/avr5\libgcc.a(_clear_bss.o)
 *(.bss*)
 *(COMMON)
 COMMON         0x00800070        0x2 MCAL/ADC/ADC_prg.o
                0x00800070                ADC_pfun
                0x00800072                PROVIDE (__bss_end, .)
                0x00000d36                __data_load_start = LOADADDR (.data)
                0x00000d44                __data_load_end = (__data_load_start + SIZEOF (.data))

.noinit         0x00800072        0x0
                0x00800072                PROVIDE (__noinit_start, .)
 *(.noinit*)
                0x00800072                PROVIDE (__noinit_end, .)
                0x00800072                _end = .
                0x00800072                PROVIDE (__heap_start, .)

.eeprom         0x00810000        0x0
 *(.eeprom*)
                0x00810000                __eeprom_end = .

.fuse
 *(.fuse)
 *(.lfuse)
 *(.hfuse)
 *(.efuse)

.lock
 *(.lock*)

.signature
 *(.signature*)

.stab           0x00000000     0x1674
 *(.stab)
 .stab          0x00000000      0x6cc e:/courses/embeeded system iti/iti training programms/atmel studio/extensions/atmel/avrgcc/3.4.1.95/avrtoolchain/bin/../lib/gcc/avr/4.6.2/../../../../avr/lib/avr5/crtm32.o
 .stab          0x000006cc      0x240 e:/courses/embeeded system iti/iti training programms/atmel studio/extensions/atmel/avrgcc/3.4.1.95/avrtoolchain/bin/../lib/gcc/avr/4.6.2/../../../../avr/lib/avr5\libm.a(fixunssfsi.o)
                                0x24c (size before relaxing)
 .stab          0x0000090c      0x318 e:/courses/embeeded system iti/iti training programms/atmel studio/extensions/atmel/avrgcc/3.4.1.95/avrtoolchain/bin/../lib/gcc/avr/4.6.2/../../../../avr/lib/avr5\libm.a(floatsisf.o)
                                0x324 (size before relaxing)
 .stab          0x00000c24      0x1d4 e:/courses/embeeded system iti/iti training programms/atmel studio/extensions/atmel/avrgcc/3.4.1.95/avrtoolchain/bin/../lib/gcc/avr/4.6.2/../../../../avr/lib/avr5\libm.a(fp_split3.o)
                                0x1e0 (size before relaxing)
 .stab          0x00000df8       0x90 e:/courses/embeeded system iti/iti training programms/atmel studio/extensions/atmel/avrgcc/3.4.1.95/avrtoolchain/bin/../lib/gcc/avr/4.6.2/../../../../avr/lib/avr5\libm.a(fp_zero.o)
                                 0x9c (size before relaxing)
 .stab          0x00000e88       0x48 e:/courses/embeeded system iti/iti training programms/atmel studio/extensions/atmel/avrgcc/3.4.1.95/avrtoolchain/bin/../lib/gcc/avr/4.6.2/../../../../avr/lib/avr5\libm.a(mulsf3.o)
                                 0x54 (size before relaxing)
 .stab          0x00000ed0      0x4d4 e:/courses/embeeded system iti/iti training programms/atmel studio/extensions/atmel/avrgcc/3.4.1.95/avrtoolchain/bin/../lib/gcc/avr/4.6.2/../../../../avr/lib/avr5\libm.a(mulsf3x.o)
                                0x4e0 (size before relaxing)
 .stab          0x000013a4       0x78 e:/courses/embeeded system iti/iti training programms/atmel studio/extensions/atmel/avrgcc/3.4.1.95/avrtoolchain/bin/../lib/gcc/avr/4.6.2/../../../../avr/lib/avr5\libm.a(fp_inf.o)
                                 0x84 (size before relaxing)
 .stab          0x0000141c       0x54 e:/courses/embeeded system iti/iti training programms/atmel studio/extensions/atmel/avrgcc/3.4.1.95/avrtoolchain/bin/../lib/gcc/avr/4.6.2/../../../../avr/lib/avr5\libm.a(fp_nan.o)
                                 0x60 (size before relaxing)
 .stab          0x00001470       0x84 e:/courses/embeeded system iti/iti training programms/atmel studio/extensions/atmel/avrgcc/3.4.1.95/avrtoolchain/bin/../lib/gcc/avr/4.6.2/../../../../avr/lib/avr5\libm.a(fp_pscA.o)
                                 0x90 (size before relaxing)
 .stab          0x000014f4       0x84 e:/courses/embeeded system iti/iti training programms/atmel studio/extensions/atmel/avrgcc/3.4.1.95/avrtoolchain/bin/../lib/gcc/avr/4.6.2/../../../../avr/lib/avr5\libm.a(fp_pscB.o)
                                 0x90 (size before relaxing)
 .stab          0x00001578       0xfc e:/courses/embeeded system iti/iti training programms/atmel studio/extensions/atmel/avrgcc/3.4.1.95/avrtoolchain/bin/../lib/gcc/avr/4.6.2/../../../../avr/lib/avr5\libm.a(fp_round.o)
                                0x108 (size before relaxing)

.stabstr        0x00000000      0x4c0
 *(.stabstr)
 .stabstr       0x00000000      0x4c0 e:/courses/embeeded system iti/iti training programms/atmel studio/extensions/atmel/avrgcc/3.4.1.95/avrtoolchain/bin/../lib/gcc/avr/4.6.2/../../../../avr/lib/avr5/crtm32.o

.stab.excl
 *(.stab.excl)

.stab.exclstr
 *(.stab.exclstr)

.stab.index
 *(.stab.index)

.stab.indexstr
 *(.stab.indexstr)

.comment
 *(.comment)

.debug
 *(.debug)

.line
 *(.line)

.debug_srcinfo
 *(.debug_srcinfo)

.debug_sfnames
 *(.debug_sfnames)

.debug_aranges  0x00000000      0x160
 *(.debug_aranges)
 .debug_aranges
                0x00000000       0x20 App/Temperature Sensor.o
 .debug_aranges
                0x00000020       0x20 HAL/LCD/LCD_prg.o
 .debug_aranges
                0x00000040       0x20 HAL/PORT/PORT_prg.o
 .debug_aranges
                0x00000060       0x20 MCAL/ADC/ADC_prg.o
 .debug_aranges
                0x00000080       0x20 MCAL/DIO/DIO_prg.o
 .debug_aranges
                0x000000a0       0x20 MCAL/Global_Interrupt/Global_Interrupt_prg.o
 .debug_aranges
                0x000000c0       0x20 e:/courses/embeeded system iti/iti training programms/atmel studio/extensions/atmel/avrgcc/3.4.1.95/avrtoolchain/bin/../lib/gcc/avr/4.6.2/avr5\libgcc.a(_udivmodhi4.o)
 .debug_aranges
                0x000000e0       0x20 e:/courses/embeeded system iti/iti training programms/atmel studio/extensions/atmel/avrgcc/3.4.1.95/avrtoolchain/bin/../lib/gcc/avr/4.6.2/avr5\libgcc.a(_udivmodsi4.o)
 .debug_aranges
                0x00000100       0x20 e:/courses/embeeded system iti/iti training programms/atmel studio/extensions/atmel/avrgcc/3.4.1.95/avrtoolchain/bin/../lib/gcc/avr/4.6.2/avr5\libgcc.a(_exit.o)
 .debug_aranges
                0x00000120       0x20 e:/courses/embeeded system iti/iti training programms/atmel studio/extensions/atmel/avrgcc/3.4.1.95/avrtoolchain/bin/../lib/gcc/avr/4.6.2/avr5\libgcc.a(_copy_data.o)
 .debug_aranges
                0x00000140       0x20 e:/courses/embeeded system iti/iti training programms/atmel studio/extensions/atmel/avrgcc/3.4.1.95/avrtoolchain/bin/../lib/gcc/avr/4.6.2/avr5\libgcc.a(_clear_bss.o)

.debug_pubnames
 *(.debug_pubnames)

.debug_info     0x00000000     0x12be
 *(.debug_info)
 .debug_info    0x00000000      0x1c4 App/Temperature Sensor.o
 .debug_info    0x000001c4      0x6f9 HAL/LCD/LCD_prg.o
 .debug_info    0x000008bd       0x72 HAL/PORT/PORT_prg.o
 .debug_info    0x0000092f      0x233 MCAL/ADC/ADC_prg.o
 .debug_info    0x00000b62      0x27b MCAL/DIO/DIO_prg.o
 .debug_info    0x00000ddd       0x90 MCAL/Global_Interrupt/Global_Interrupt_prg.o
 .debug_info    0x00000e6d       0xdd e:/courses/embeeded system iti/iti training programms/atmel studio/extensions/atmel/avrgcc/3.4.1.95/avrtoolchain/bin/../lib/gcc/avr/4.6.2/avr5\libgcc.a(_udivmodhi4.o)
 .debug_info    0x00000f4a       0xdd e:/courses/embeeded system iti/iti training programms/atmel studio/extensions/atmel/avrgcc/3.4.1.95/avrtoolchain/bin/../lib/gcc/avr/4.6.2/avr5\libgcc.a(_udivmodsi4.o)
 .debug_info    0x00001027       0xdd e:/courses/embeeded system iti/iti training programms/atmel studio/extensions/atmel/avrgcc/3.4.1.95/avrtoolchain/bin/../lib/gcc/avr/4.6.2/avr5\libgcc.a(_exit.o)
 .debug_info    0x00001104       0xdd e:/courses/embeeded system iti/iti training programms/atmel studio/extensions/atmel/avrgcc/3.4.1.95/avrtoolchain/bin/../lib/gcc/avr/4.6.2/avr5\libgcc.a(_copy_data.o)
 .debug_info    0x000011e1       0xdd e:/courses/embeeded system iti/iti training programms/atmel studio/extensions/atmel/avrgcc/3.4.1.95/avrtoolchain/bin/../lib/gcc/avr/4.6.2/avr5\libgcc.a(_clear_bss.o)
 *(.gnu.linkonce.wi.*)

.debug_abbrev   0x00000000      0x63f
 *(.debug_abbrev)
 .debug_abbrev  0x00000000      0x11f App/Temperature Sensor.o
 .debug_abbrev  0x0000011f      0x250 HAL/LCD/LCD_prg.o
 .debug_abbrev  0x0000036f       0x32 HAL/PORT/PORT_prg.o
 .debug_abbrev  0x000003a1       0xfa MCAL/ADC/ADC_prg.o
 .debug_abbrev  0x0000049b      0x101 MCAL/DIO/DIO_prg.o
 .debug_abbrev  0x0000059c       0x3f MCAL/Global_Interrupt/Global_Interrupt_prg.o
 .debug_abbrev  0x000005db       0x14 e:/courses/embeeded system iti/iti training programms/atmel studio/extensions/atmel/avrgcc/3.4.1.95/avrtoolchain/bin/../lib/gcc/avr/4.6.2/avr5\libgcc.a(_udivmodhi4.o)
 .debug_abbrev  0x000005ef       0x14 e:/courses/embeeded system iti/iti training programms/atmel studio/extensions/atmel/avrgcc/3.4.1.95/avrtoolchain/bin/../lib/gcc/avr/4.6.2/avr5\libgcc.a(_udivmodsi4.o)
 .debug_abbrev  0x00000603       0x14 e:/courses/embeeded system iti/iti training programms/atmel studio/extensions/atmel/avrgcc/3.4.1.95/avrtoolchain/bin/../lib/gcc/avr/4.6.2/avr5\libgcc.a(_exit.o)
 .debug_abbrev  0x00000617       0x14 e:/courses/embeeded system iti/iti training programms/atmel studio/extensions/atmel/avrgcc/3.4.1.95/avrtoolchain/bin/../lib/gcc/avr/4.6.2/avr5\libgcc.a(_copy_data.o)
 .debug_abbrev  0x0000062b       0x14 e:/courses/embeeded system iti/iti training programms/atmel studio/extensions/atmel/avrgcc/3.4.1.95/avrtoolchain/bin/../lib/gcc/avr/4.6.2/avr5\libgcc.a(_clear_bss.o)

.debug_line     0x00000000      0xb8e
 *(.debug_line)
 .debug_line    0x00000000      0x1ee App/Temperature Sensor.o
 .debug_line    0x000001ee      0x336 HAL/LCD/LCD_prg.o
 .debug_line    0x00000524       0x45 HAL/PORT/PORT_prg.o
 .debug_line    0x00000569       0xc2 MCAL/ADC/ADC_prg.o
 .debug_line    0x0000062b      0x1e7 MCAL/DIO/DIO_prg.o
 .debug_line    0x00000812       0x93 MCAL/Global_Interrupt/Global_Interrupt_prg.o
 .debug_line    0x000008a5       0x9a e:/courses/embeeded system iti/iti training programms/atmel studio/extensions/atmel/avrgcc/3.4.1.95/avrtoolchain/bin/../lib/gcc/avr/4.6.2/avr5\libgcc.a(_udivmodhi4.o)
 .debug_line    0x0000093f       0xa8 e:/courses/embeeded system iti/iti training programms/atmel studio/extensions/atmel/avrgcc/3.4.1.95/avrtoolchain/bin/../lib/gcc/avr/4.6.2/avr5\libgcc.a(_udivmodsi4.o)
 .debug_line    0x000009e7       0x88 e:/courses/embeeded system iti/iti training programms/atmel studio/extensions/atmel/avrgcc/3.4.1.95/avrtoolchain/bin/../lib/gcc/avr/4.6.2/avr5\libgcc.a(_exit.o)
 .debug_line    0x00000a6f       0x91 e:/courses/embeeded system iti/iti training programms/atmel studio/extensions/atmel/avrgcc/3.4.1.95/avrtoolchain/bin/../lib/gcc/avr/4.6.2/avr5\libgcc.a(_copy_data.o)
 .debug_line    0x00000b00       0x8e e:/courses/embeeded system iti/iti training programms/atmel studio/extensions/atmel/avrgcc/3.4.1.95/avrtoolchain/bin/../lib/gcc/avr/4.6.2/avr5\libgcc.a(_clear_bss.o)

.debug_frame    0x00000000      0x324
 *(.debug_frame)
 .debug_frame   0x00000000       0x40 App/Temperature Sensor.o
 .debug_frame   0x00000040      0x13c HAL/LCD/LCD_prg.o
 .debug_frame   0x0000017c       0x24 HAL/PORT/PORT_prg.o
 .debug_frame   0x000001a0       0xcc MCAL/ADC/ADC_prg.o
 .debug_frame   0x0000026c       0x84 MCAL/DIO/DIO_prg.o
 .debug_frame   0x000002f0       0x34 MCAL/Global_Interrupt/Global_Interrupt_prg.o

.debug_str      0x00000000      0x637
 *(.debug_str)
 .debug_str     0x00000000      0x16b App/Temperature Sensor.o
                                0x19f (size before relaxing)
 .debug_str     0x0000016b      0x202 HAL/LCD/LCD_prg.o
                                0x347 (size before relaxing)
 .debug_str     0x0000036d       0x24 HAL/PORT/PORT_prg.o
                                 0xe2 (size before relaxing)
 .debug_str     0x00000391      0x152 MCAL/ADC/ADC_prg.o
                                0x225 (size before relaxing)
 .debug_str     0x000004e3      0x10c MCAL/DIO/DIO_prg.o
                                0x1df (size before relaxing)
 .debug_str     0x000005ef       0x48 MCAL/Global_Interrupt/Global_Interrupt_prg.o
                                0x11d (size before relaxing)

.debug_loc      0x00000000      0xcf7
 *(.debug_loc)
 .debug_loc     0x00000000       0x57 App/Temperature Sensor.o
 .debug_loc     0x00000057      0x63d HAL/LCD/LCD_prg.o
 .debug_loc     0x00000694      0x241 MCAL/ADC/ADC_prg.o
 .debug_loc     0x000008d5      0x422 MCAL/DIO/DIO_prg.o

.debug_macinfo
 *(.debug_macinfo)
OUTPUT(Temperature Sensor.elf elf32-avr)
LOAD linker stubs
